// Jest Snapshot v1, https://goo.gl/fbAQLP

exports[`Pruebas en <GifGridItem /> debe mostrar <GifGridItem /> correctamente 1`] = `
<div
  className="card animate__animated animate__headShake"
>
  <img
    alt="Titulo de la prueba"
    src="https://google.com"
  />
  <p>
    Titulo de la prueba
  </p>
</div>
`;
